[    0.000000] Initializing cgroup subsys cpuset
[    0.000000] Initializing cgroup subsys cpu
[    0.000000] Initializing cgroup subsys cpuacct
[    0.000000] Linux version 4.4.0-201-generic (buildd@lgw01-amd64-044) (gcc version 5.4.0 20160609 (Ubuntu 5.4.0-6ubuntu1~16.04.12) ) #233-Ubuntu SMP Thu Jan 14 06:10:28 UTC 2021 (Ubuntu 4.4.0-201.233-generic 4.4.247)
[    0.000000] Command line: BOOT_IMAGE=/boot/vmlinuz-4.4.0-201-generic root=LABEL=cloudimg-rootfs ro console=tty1 console=ttyS0
[    0.000000] KERNEL supported cpus:
[    0.000000]   Intel GenuineIntel
[    0.000000]   AMD AuthenticAMD
[    0.000000]   Centaur CentaurHauls
[    0.000000] x86/fpu: xstate_offset[2]:  576, xstate_sizes[2]:  256
[    0.000000] x86/fpu: Supporting XSAVE feature 0x01: 'x87 floating point registers'
[    0.000000] x86/fpu: Supporting XSAVE feature 0x02: 'SSE registers'
[    0.000000] x86/fpu: Supporting XSAVE feature 0x04: 'AVX registers'
[    0.000000] x86/fpu: Enabled xstate features 0x7, context size is 832 bytes, using 'standard' format.
[    0.000000] e820: BIOS-provided physical RAM map:
[    0.000000] BIOS-e820: [mem 0x0000000000000000-0x000000000009fbff] usable
[    0.000000] BIOS-e820: [mem 0x000000000009fc00-0x000000000009ffff] reserved
[    0.000000] BIOS-e820: [mem 0x00000000000f0000-0x00000000000fffff] reserved
[    0.000000] BIOS-e820: [mem 0x0000000000100000-0x000000003ffeffff] usable
[    0.000000] BIOS-e820: [mem 0x000000003fff0000-0x000000003fffffff] ACPI data
[    0.000000] BIOS-e820: [mem 0x00000000fec00000-0x00000000fec00fff] reserved
[    0.000000] BIOS-e820: [mem 0x00000000fee00000-0x00000000fee00fff] reserved
[    0.000000] BIOS-e820: [mem 0x00000000fffc0000-0x00000000ffffffff] reserved
[    0.000000] NX (Execute Disable) protection: active
[    0.000000] SMBIOS 2.5 present.
[    0.000000] Hypervisor detected: KVM
[    0.000000] Kernel/User page tables isolation: disabled
[    0.000000] e820: last_pfn = 0x3fff0 max_arch_pfn = 0x400000000
[    0.000000] MTRR: Disabled
[    0.000000] x86/PAT: MTRRs disabled, skipping PAT initialization too.
[    0.000000] CPU MTRRs all blank - virtualized system.
[    0.000000] x86/PAT: Configuration [0-7]: WB  WT  UC- UC  WB  WT  UC- UC  
[    0.000000] found SMP MP-table at [mem 0x0009fff0-0x0009ffff] mapped at [ffff88000009fff0]
[    0.000000] Scanning 1 areas for low memory corruption
[    0.000000] RAMDISK: [mem 0x362e0000-0x37167fff]
[    0.000000] ACPI: Early table checksum verification disabled
[    0.000000] ACPI: RSDP 0x00000000000E0000 000024 (v02 VBOX  )
[    0.000000] ACPI: XSDT 0x000000003FFF0030 00003C (v01 VBOX   VBOXXSDT 00000001 ASL  00000061)
[    0.000000] ACPI: FACP 0x000000003FFF00F0 0000F4 (v04 VBOX   VBOXFACP 00000001 ASL  00000061)
[    0.000000] ACPI: DSDT 0x000000003FFF0470 002325 (v02 VBOX   VBOXBIOS 00000002 INTL 20100528)
[    0.000000] ACPI: FACS 0x000000003FFF0200 000040
[    0.000000] ACPI: FACS 0x000000003FFF0200 000040
[    0.000000] ACPI: APIC 0x000000003FFF0240 00005C (v02 VBOX   VBOXAPIC 00000001 ASL  00000061)
[    0.000000] ACPI: SSDT 0x000000003FFF02A0 0001CC (v01 VBOX   VBOXCPUT 00000002 INTL 20100528)
[    0.000000] No NUMA configuration found
[    0.000000] Faking a node at [mem 0x0000000000000000-0x000000003ffeffff]
[    0.000000] NODE_DATA(0) allocated [mem 0x3ffeb000-0x3ffeffff]
[    0.000000] kvm-clock: Using msrs 4b564d01 and 4b564d00
[    0.000000] kvm-clock: cpu 0, msr 0:3ffe3001, primary cpu clock
[    0.000000] kvm-clock: using sched offset of 4023450617 cycles
[    0.000000] clocksource: kvm-clock: mask: 0xffffffffffffffff max_cycles: 0x1cd42e4dffb, max_idle_ns: 881590591483 ns
[    0.000000] Zone ranges:
[    0.000000]   DMA      [mem 0x0000000000001000-0x0000000000ffffff]
[    0.000000]   DMA32    [mem 0x0000000001000000-0x000000003ffeffff]
[    0.000000]   Normal   empty
[    0.000000]   Device   empty
[    0.000000] Movable zone start for each node
[    0.000000] Early memory node ranges
[    0.000000]   node   0: [mem 0x0000000000001000-0x000000000009efff]
[    0.000000]   node   0: [mem 0x0000000000100000-0x000000003ffeffff]
[    0.000000] Initmem setup node 0 [mem 0x0000000000001000-0x000000003ffeffff]
[    0.000000] ACPI: PM-Timer IO Port: 0x4008
[    0.000000] IOAPIC[0]: apic_id 2, version 32, address 0xfec00000, GSI 0-23
[    0.000000] ACPI: INT_SRC_OVR (bus 0 bus_irq 0 global_irq 2 dfl dfl)
[    0.000000] ACPI: INT_SRC_OVR (bus 0 bus_irq 9 global_irq 9 low level)
[    0.000000] Using ACPI (MADT) for SMP configuration information
[    0.000000] smpboot: Allowing 2 CPUs, 0 hotplug CPUs
[    0.000000] PM: Registered nosave memory: [mem 0x00000000-0x00000fff]
[    0.000000] PM: Registered nosave memory: [mem 0x0009f000-0x0009ffff]
[    0.000000] PM: Registered nosave memory: [mem 0x000a0000-0x000effff]
[    0.000000] PM: Registered nosave memory: [mem 0x000f0000-0x000fffff]
[    0.000000] e820: [mem 0x40000000-0xfebfffff] available for PCI devices
[    0.000000] Booting paravirtualized kernel on KVM
[    0.000000] clocksource: refined-jiffies: mask: 0xffffffff max_cycles: 0xffffffff, max_idle_ns: 7645519600211568 ns
[    0.000000] setup_percpu: NR_CPUS:512 nr_cpumask_bits:512 nr_cpu_ids:2 nr_node_ids:1
[    0.000000] PERCPU: Embedded 33 pages/cpu @ffff88003fc00000 s95640 r8192 d31336 u1048576
[    0.000000] Built 1 zonelists in Node order, mobility grouping on.  Total pages: 257912
[    0.000000] Policy zone: DMA32
[    0.000000] Kernel command line: BOOT_IMAGE=/boot/vmlinuz-4.4.0-201-generic root=LABEL=cloudimg-rootfs ro console=tty1 console=ttyS0
[    0.000000] PID hash table entries: 4096 (order: 3, 32768 bytes)
[    0.000000] Memory: 997664K/1048120K available (8641K kernel code, 1337K rwdata, 4044K rodata, 1492K init, 1296K bss, 50456K reserved, 0K cma-reserved)
[    0.000000] SLUB: HWalign=64, Order=0-3, MinObjects=0, CPUs=2, Nodes=1
[    0.000000] Hierarchical RCU implementation.
[    0.000000] 	Build-time adjustment of leaf fanout to 64.
[    0.000000] 	RCU restricting CPUs from NR_CPUS=512 to nr_cpu_ids=2.
[    0.000000] RCU: Adjusting geometry for rcu_fanout_leaf=64, nr_cpu_ids=2
[    0.000000] NR_IRQS:33024 nr_irqs:440 16
[    0.000000] Console: colour VGA+ 80x25
[    0.000000] console [tty1] enabled
[    0.000000] console [ttyS0] enabled
[    0.000000] tsc: Detected 2112.000 MHz processor
[    0.364798] Calibrating delay loop (skipped) preset value.. 4224.00 BogoMIPS (lpj=8448000)
[    0.367873] pid_max: default: 32768 minimum: 301
[    0.369272] ACPI: Core revision 20150930
[    0.371997] ACPI: 2 ACPI AML tables successfully acquired and loaded
[    0.374147] Security Framework initialized
[    0.375524] Yama: becoming mindful.
[    0.376777] AppArmor: AppArmor initialized
[    0.378140] Dentry cache hash table entries: 131072 (order: 8, 1048576 bytes)
[    0.380371] Inode-cache hash table entries: 65536 (order: 7, 524288 bytes)
[    0.386789] Mount-cache hash table entries: 2048 (order: 2, 16384 bytes)
[    0.389073] Mountpoint-cache hash table entries: 2048 (order: 2, 16384 bytes)
[    0.391218] Initializing cgroup subsys io
[    0.392589] Initializing cgroup subsys memory
[    0.394315] Initializing cgroup subsys devices
[    0.395673] Initializing cgroup subsys freezer
[    0.397055] Initializing cgroup subsys net_cls
[    0.398379] Initializing cgroup subsys perf_event
[    0.400087] Initializing cgroup subsys net_prio
[    0.401505] Initializing cgroup subsys hugetlb
[    0.402919] Initializing cgroup subsys pids
[    0.422843] mce: CPU supports 0 MCE banks
[    0.424694] Last level iTLB entries: 4KB 64, 2MB 8, 4MB 8
[    0.426590] Last level dTLB entries: 4KB 64, 2MB 0, 4MB 0, 1GB 4
[    0.428577] Spectre V1 : Mitigation: usercopy/swapgs barriers and __user pointer sanitization
[    0.431179] Spectre V2 : Mitigation: Full generic retpoline
[    0.432907] Spectre V2 : Spectre v2 / SpectreRSB mitigation: Filling RSB on context switch
[    0.435986] Speculative Store Bypass: Vulnerable
[    0.437329] SRBDS: Mitigation: TSX disabled
[    0.443477] Freeing SMP alternatives memory: 36K
[    0.455619] ftrace: allocating 32361 entries in 127 pages
[    0.659714] smpboot: APIC(0) Converting physical 0 to logical package 0
[    0.664788] smpboot: Max logical packages: 1
[    0.671567] x2apic enabled
[    0.675770] Switched APIC routing to physical x2apic.
[    0.687302] ..TIMER: vector=0x30 apic1=0 pin1=2 apic2=-1 pin2=-1
[    0.800585] smpboot: CPU0: Intel(R) Core(TM) i5-10210U CPU @ 1.60GHz (family: 0x6, model: 0x8e, stepping: 0xc)
[    0.810892] Performance Events: unsupported p6 CPU model 142 no PMU driver, software events only.
[    0.851272] KVM setup paravirtual spinlock
[    0.854726] x86: Booting SMP configuration:
[    0.856345] .... node  #0, CPUs:      #1
[    0.858065] kvm-clock: cpu 1, msr 0:3ffe3041, secondary cpu clock
[    0.881402] mce: CPU supports 0 MCE banks
[    0.884780] x86: Booted up 1 node, 2 CPUs
[    0.887333] smpboot: Total of 2 processors activated (8448.00 BogoMIPS)
[    0.891180] devtmpfs: initialized
[    0.898385] evm: security.selinux
[    0.899918] evm: security.SMACK64
[    0.901514] evm: security.SMACK64EXEC
[    0.903021] evm: security.SMACK64TRANSMUTE
[    0.904911] evm: security.SMACK64MMAP
[    0.906753] evm: security.ima
[    0.908419] evm: security.capability
[    0.910447] clocksource: jiffies: mask: 0xffffffff max_cycles: 0xffffffff, max_idle_ns: 7645041785100000 ns
[    0.915024] futex hash table entries: 512 (order: 3, 32768 bytes)
[    0.917880] pinctrl core: initialized pinctrl subsystem
[    0.920118] RTC time:  5:06:23, date: 02/16/21
[    0.926236] NET: Registered protocol family 16
[    0.938231] cpuidle: using governor ladder
[    0.950778] cpuidle: using governor menu
[    0.952162] PCCT header not found.
[    0.953631] ACPI: bus type PCI registered
[    0.955445] acpiphp: ACPI Hot Plug PCI Controller Driver version: 0.5
[    0.958579] PCI: Using configuration type 1 for base access
[    0.975529] ACPI: Added _OSI(Module Device)
[    0.977141] ACPI: Added _OSI(Processor Device)
[    0.978657] ACPI: Added _OSI(3.0 _SCP Extensions)
[    0.980183] ACPI: Added _OSI(Processor Aggregator Device)
[    0.983128] ACPI: Executed 1 blocks of module-level executable AML code
[    0.989471] ACPI: Interpreter enabled
[    0.990930] ACPI: (supports S0 S5)
[    0.992393] ACPI: Using IOAPIC for interrupt routing
[    0.995203] PCI: Using host bridge windows from ACPI; if necessary, use "pci=nocrs" and report a bug
[    1.006230] ACPI: PCI Root Bridge [PCI0] (domain 0000 [bus 00-ff])
[    1.008467] acpi PNP0A03:00: _OSC: OS supports [ASPM ClockPM Segments MSI]
[    1.012011] acpi PNP0A03:00: _OSC: not requesting OS control; OS requires [ExtendedConfig ASPM ClockPM MSI]
[    1.015134] acpi PNP0A03:00: fail to add MMCONFIG information, can't access extended PCI configuration space under this bridge.
[    1.018987] PCI host bridge to bus 0000:00
[    1.020253] pci_bus 0000:00: root bus resource [io  0x0000-0x0cf7 window]
[    1.022190] pci_bus 0000:00: root bus resource [io  0x0d00-0xffff window]
[    1.024191] pci_bus 0000:00: root bus resource [mem 0x000a0000-0x000bffff window]
[    1.026831] pci_bus 0000:00: root bus resource [mem 0x40000000-0xfdffffff window]
[    1.029358] pci_bus 0000:00: root bus resource [bus 00-ff]
[    1.033958] pci 0000:00:01.1: legacy IDE quirk: reg 0x10: [io  0x01f0-0x01f7]
[    1.036020] pci 0000:00:01.1: legacy IDE quirk: reg 0x14: [io  0x03f6]
[    1.038057] pci 0000:00:01.1: legacy IDE quirk: reg 0x18: [io  0x0170-0x0177]
[    1.040223] pci 0000:00:01.1: legacy IDE quirk: reg 0x1c: [io  0x0376]
[    1.080831] pci 0000:00:07.0: quirk: [io  0x4000-0x403f] claimed by PIIX4 ACPI
[    1.084654] pci 0000:00:07.0: quirk: [io  0x4100-0x410f] claimed by PIIX4 SMB
[    1.100614] ACPI: PCI Interrupt Link [LNKA] (IRQs 5 9 10 *11)
[    1.108024] ACPI: PCI Interrupt Link [LNKB] (IRQs 5 9 *10 11)
[    1.116460] ACPI: PCI Interrupt Link [LNKC] (IRQs 5 *9 10 11)
[    1.123070] ACPI: PCI Interrupt Link [LNKD] (IRQs 5 9 10 *11)
[    1.131521] ACPI: Enabled 2 GPEs in block 00 to 07
[    1.138174] vgaarb: setting as boot device: PCI:0000:00:02.0
[    1.144616] vgaarb: device added: PCI:0000:00:02.0,decodes=io+mem,owns=io+mem,locks=none
[    1.152762] vgaarb: loaded
[    1.156234] vgaarb: bridge control possible 0000:00:02.0
[    1.161567] SCSI subsystem initialized
[    1.165672] ACPI: bus type USB registered
[    1.168872] usbcore: registered new interface driver usbfs
[    1.173466] usbcore: registered new interface driver hub
[    1.178796] usbcore: registered new device driver usb
[    1.185396] PCI: Using ACPI for IRQ routing
[    1.190134] NetLabel: Initializing
[    1.193039] NetLabel:  domain hash size = 128
[    1.197060] NetLabel:  protocols = UNLABELED CIPSOv4
[    1.201399] NetLabel:  unlabeled traffic allowed by default
[    1.206759] amd_nb: Cannot enumerate AMD northbridges
[    1.211111] clocksource: Switched to clocksource kvm-clock
[    1.254628] AppArmor: AppArmor Filesystem Enabled
[    1.259102] pnp: PnP ACPI init
[    1.266902] pnp: PnP ACPI: found 3 devices
[    1.300946] clocksource: acpi_pm: mask: 0xffffff max_cycles: 0xffffff, max_idle_ns: 2085701024 ns
[    1.309058] NET: Registered protocol family 2
[    1.313222] TCP established hash table entries: 8192 (order: 4, 65536 bytes)
[    1.319305] TCP bind hash table entries: 8192 (order: 5, 131072 bytes)
[    1.324726] TCP: Hash tables configured (established 8192 bind 8192)
[    1.339455] UDP hash table entries: 512 (order: 2, 16384 bytes)
[    1.344301] UDP-Lite hash table entries: 512 (order: 2, 16384 bytes)
[    1.349523] NET: Registered protocol family 1
[    1.353376] pci 0000:00:00.0: Limiting direct PCI/PCI transfers
[    1.359016] pci 0000:00:01.0: Activating ISA DMA hang workarounds
[    1.364365] Unpacking initramfs...
[    2.408665] Freeing initrd memory: 14880K
[    2.412129] clocksource: tsc: mask: 0xffffffffffffffff max_cycles: 0x1e71785e5dd, max_idle_ns: 440795244814 ns
[    2.422518] platform rtc_cmos: registered platform RTC device (no PNP device found)
[    2.429946] Scanning for low memory corruption every 60 seconds
[    2.436939] audit: initializing netlink subsys (disabled)
[    2.443335] audit: type=2000 audit(1613451990.968:1): initialized
[    2.448953] Initialise system trusted keyring
[    2.454368] HugeTLB registered 2 MB page size, pre-allocated 0 pages
[    2.466267] zbud: loaded
[    2.470839] VFS: Disk quotas dquot_6.6.0
[    2.475671] VFS: Dquot-cache hash table entries: 512 (order 0, 4096 bytes)
[    2.483867] squashfs: version 4.0 (2009/01/31) Phillip Lougher
[    2.490177] fuse init (API version 7.23)
[    2.504031] Key type big_key registered
[    2.507448] Allocating IMA MOK and blacklist keyrings.
[    3.016457] Key type asymmetric registered
[    3.019782] Asymmetric key parser 'x509' registered
[    3.023592] Block layer SCSI generic (bsg) driver version 0.4 loaded (major 249)
[    3.030191] io scheduler noop registered
[    3.033743] io scheduler deadline registered (default)
[    3.038631] io scheduler cfq registered
[    3.042542] pci_hotplug: PCI Hot Plug PCI Core version: 0.5
[    3.047597] pciehp: PCI Express Hot Plug Controller Driver version: 0.4
[    3.052824] ACPI: AC Adapter [AC] (off-line)
[    3.056775] input: Power Button as /devices/LNXSYSTM:00/LNXPWRBN:00/input/input0
[    3.065134] ACPI: Power Button [PWRF]
[    3.069431] input: Sleep Button as /devices/LNXSYSTM:00/LNXSLPBN:00/input/input1
[    3.077848] ACPI: Sleep Button [SLPF]
[    3.085610] ACPI: Battery Slot [BAT0] (battery present)
[    3.089984] GHES: HEST is not enabled!
[    3.093946] Serial: 8250/16550 driver, 32 ports, IRQ sharing enabled
[    3.121208] 00:02: ttyS0 at I/O 0x3f8 (irq = 4, base_baud = 115200) is a 16550A
[    3.131094] Linux agpgart interface v0.103
[    3.139432] loop: module loaded
[    3.144253] scsi host0: ata_piix
[    3.147907] scsi host1: ata_piix
[    3.150863] ata1: PATA max UDMA/33 cmd 0x1f0 ctl 0x3f6 bmdma 0xd000 irq 14
[    3.155998] ata2: PATA max UDMA/33 cmd 0x170 ctl 0x376 bmdma 0xd008 irq 15
[    3.161415] libphy: Fixed MDIO Bus: probed
[    3.164729] tun: Universal TUN/TAP device driver, 1.6
[    3.168547] tun: (C) 1999-2004 Max Krasnyansky <maxk@qualcomm.com>
[    3.172982] PPP generic driver version 2.4.2
[    3.176936] ehci_hcd: USB 2.0 'Enhanced' Host Controller (EHCI) Driver
[    3.181676] ehci-pci: EHCI PCI platform driver
[    3.185074] ehci-platform: EHCI generic platform driver
[    3.188802] ohci_hcd: USB 1.1 'Open' Host Controller (OHCI) Driver
[    3.193830] ohci-pci: OHCI PCI platform driver
[    3.197758] ohci-platform: OHCI generic platform driver
[    3.203538] uhci_hcd: USB Universal Host Controller Interface driver
[    3.208984] i8042: PNP: PS/2 Controller [PNP0303:PS2K,PNP0f03:PS2M] at 0x60,0x64 irq 1,12
[    3.218455] serio: i8042 KBD port at 0x60,0x64 irq 1
[    3.223371] serio: i8042 AUX port at 0x60,0x64 irq 12
[    3.228510] mousedev: PS/2 mouse device common for all mice
[    3.235187] input: AT Translated Set 2 keyboard as /devices/platform/i8042/serio0/input/input2
[    3.242071] rtc_cmos rtc_cmos: rtc core: registered rtc_cmos as rtc0
[    3.247912] rtc_cmos rtc_cmos: alarms up to one day, 114 bytes nvram
[    3.252689] i2c /dev entries driver
[    3.255919] device-mapper: uevent: version 1.0.3
[    3.259963] device-mapper: ioctl: 4.34.0-ioctl (2015-10-28) initialised: dm-devel@redhat.com
[    3.267424] ledtrig-cpu: registered to indicate activity on CPUs
[    3.273086] NET: Registered protocol family 10
[    3.278081] NET: Registered protocol family 17
[    3.282579] Key type dns_resolver registered
[    3.287806] registered taskstats version 1
[    3.290774] Loading compiled-in X.509 certificates
[    3.294587] Loaded X.509 cert 'Build time autogenerated kernel key: 9e5e2330314f2a00b0409bdb338e201244d5149f'
[    3.297683] zswap: loaded using pool lzo/zbud
[    3.301161] Key type trusted registered
[    3.306718] Key type encrypted registered
[    3.308010] AppArmor: AppArmor sha1 policy hashing enabled
[    3.310178] ima: No TPM chip found, activating TPM-bypass!
[    3.312627] ima: Allocated hash algorithm: sha1
[    3.314524] evm: HMAC attrs: 0x1
[    3.342612]   Magic number: 9:768:112
[    3.344310] rtc_cmos rtc_cmos: setting system clock to 2021-02-16 05:06:26 UTC (1613451986)
[    3.348394] BIOS EDD facility v0.16 2004-Jun-25, 0 devices found
[    3.351058] EDD information not available.
[    3.357340] Freeing unused kernel memory: 1492K
[    3.359343] Write protecting the kernel read-only data: 14336k
[    3.363456] Freeing unused kernel memory: 1588K
[    3.365986] Freeing unused kernel memory: 52K
Loading, please wait...
starting version 229
[    3.389461] random: systemd-udevd: uninitialized urandom read (16 bytes read, 5 bits of entropy available)
[    3.390743] random: udevadm: uninitialized urandom read (16 bytes read, 5 bits of entropy available)
[    3.390781] random: udevadm: uninitialized urandom read (16 bytes read, 5 bits of entropy available)
[    3.401840] random: systemd-udevd: uninitialized urandom read (16 bytes read, 5 bits of entropy available)
[    3.404423] random: udevadm: uninitialized urandom read (16 bytes read, 5 bits of entropy available)
[    3.404525] random: udevadm: uninitialized urandom read (16 bytes read, 5 bits of entropy available)
[    3.404833] random: udevadm: uninitialized urandom read (16 bytes read, 5 bits of entropy available)
[    3.404938] random: udevadm: uninitialized urandom read (16 bytes read, 5 bits of entropy available)
[    3.405036] random: udevadm: uninitialized urandom read (16 bytes read, 5 bits of entropy available)
[    3.405111] random: udevadm: uninitialized urandom read (16 bytes read, 5 bits of entropy available)
[    3.501545] e1000: Intel(R) PRO/1000 Network Driver - version 7.3.21-k8-NAPI
[    3.506662] e1000: Copyright (c) 1999-2006 Intel Corporation.
[    3.515694] Fusion MPT base driver 3.04.20
[    3.520740] Copyright (c) 1999-2008 LSI Corporation
[    3.578297] Fusion MPT SPI Host driver 3.04.20
[    3.662413] AVX2 version of gcm_enc/dec engaged.
[    3.666907] AES CTR mode by8 optimization enabled
[    3.817370] input: ImExPS/2 Generic Explorer Mouse as /devices/platform/i8042/serio1/input/input4
[    4.380030] e1000 0000:00:03.0 eth0: (PCI:33MHz:32-bit) 02:0d:1b:31:1c:74
[    4.384834] e1000 0000:00:03.0 eth0: Intel(R) PRO/1000 Network Connection
[    4.392862] mptbase: ioc0: Initiating bringup
[    4.394971] e1000 0000:00:03.0 enp0s3: renamed from eth0
[    4.468466] ioc0: LSI53C1030 A0: Capabilities={Initiator}
[    4.637280] scsi host2: ioc0: LSI53C1030 A0, FwRev=00000000h, Ports=1, MaxQ=256, IRQ=20
[    4.757488] scsi 2:0:0:0: Direct-Access     VBOX     HARDDISK         1.0  PQ: 0 ANSI: 5
[    4.763769] scsi target2:0:0: Beginning Domain Validation
[    4.775154] scsi target2:0:0: Domain Validation skipping write tests
[    4.780672] scsi target2:0:0: Ending Domain Validation
[    4.786320] scsi target2:0:0: asynchronous
[    4.794148] scsi 2:0:1:0: Direct-Access     VBOX     HARDDISK         1.0  PQ: 0 ANSI: 5
[    4.802615] scsi target2:0:1: Beginning Domain Validation
[    4.812730] scsi target2:0:1: Domain Validation skipping write tests
[    4.817886] scsi target2:0:1: Ending Domain Validation
[    4.821959] scsi target2:0:1: asynchronous
[    5.383843] sd 2:0:0:0: Attached scsi generic sg0 type 0
[    5.389711] sd 2:0:0:0: [sda] 83886080 512-byte logical blocks: (42.9 GB/40.0 GiB)
[    5.398456] sd 2:0:1:0: Attached scsi generic sg1 type 0
[    5.398929] sd 2:0:1:0: [sdb] 20480 512-byte logical blocks: (10.5 MB/10.0 MiB)
[    5.399682] sd 2:0:1:0: [sdb] Write Protect is off
[    5.400052] sd 2:0:1:0: [sdb] Incomplete mode parameter data
[    5.400058] sd 2:0:1:0: [sdb] Assuming drive cache: write through
[    5.402967] sd 2:0:0:0: [sda] Write Protect is off
[    5.403610] sd 2:0:0:0: [sda] Incomplete mode parameter data
[    5.403617] sd 2:0:0:0: [sda] Assuming drive cache: write through
[    5.417066]  sda: sda1
[    5.420870] sd 2:0:1:0: [sdb] Attached SCSI disk
[    5.423061] sd 2:0:0:0: [sda] Attached SCSI disk
Begin: Loading essential drivers ... [    7.648464] md: linear personality registered for level -1
[    7.656453] md: multipath personality registered for level -4
[    7.664613] md: raid0 personality registered for level 0
[    7.675921] md: raid1 personality registered for level 1
[    7.756277] raid6: sse2x1   gen()  2247 MB/s
[    7.827388] raid6: sse2x1   xor()  1628 MB/s
[    7.899212] raid6: sse2x2   gen()  2839 MB/s
[    7.967327] raid6: sse2x2   xor()  4570 MB/s
[    8.035945] raid6: sse2x4   gen()  7757 MB/s
[    8.103459] raid6: sse2x4   xor()  3447 MB/s
[    8.171580] raid6: avx2x1   gen()  4849 MB/s
[    8.239888] raid6: avx2x2   gen()  7553 MB/s
[    8.311255] raid6: avx2x4   gen()  5622 MB/s
[    8.315247] raid6: using algorithm sse2x4 gen() 7757 MB/s
[    8.319839] raid6: .... xor() 3447 MB/s, rmw enabled
[    8.323181] raid6: using avx2x2 recovery algorithm
[    8.330831] xor: automatically using best checksumming function:
[    8.375328]    avx       :  6260.000 MB/sec
[    8.388103] async_tx: api initialized (async)
[    8.437707] md: raid6 personality registered for level 6
[    8.443672] md: raid5 personality registered for level 5
[    8.447776] md: raid4 personality registered for level 4
[    8.476098] md: raid10 personality registered for level 10
done.
Begin: Running /scripts/init-premount ... done.
Begin: Mounting root file system ... Begin: Running /scripts/local-top ... done.
Begin: Running /scripts/local-premount ... [    8.591599] Btrfs loaded
Scanning for Btrfs filesystems
done.
Warning: fsck not present, so skipping root file system
[    8.688561] EXT4-fs (sda1): mounted filesystem with ordered data mode. Opts: (null)
done.
Begin: Running /scripts/local-bottom ... done.
Begin: Running /scripts/init-bottom ... done.
[    8.967868] systemd[1]: systemd 229 running in system mode. (+PAM +AUDIT +SELINUX +IMA +APPARMOR +SMACK +SYSVINIT +UTMP +LIBCRYPTSETUP +GCRYPT +GNUTLS +ACL +XZ -LZ4 +SECCOMP +BLKID +ELFUTILS +KMOD -IDN)
[    8.985068] systemd[1]: Detected virtualization oracle.
[    8.989495] systemd[1]: Detected architecture x86-64.

Welcome to [1mUbuntu 16.04.7 LTS[0m!

[    9.003343] systemd[1]: Set hostname to <ubuntu>.
[    9.014400] systemd[1]: Initializing machine ID from random generator.
[    9.019669] systemd[1]: Installed transient /etc/machine-id file.
[    9.359899] systemd[1]: Listening on Syslog Socket.
[[0;32m  OK  [0m] Listening on Syslog Socket.
[    9.421106] systemd[1]: Started Trigger resolvconf update for networkd DNS.
[[0;32m  OK  [0m] Started Trigger resolvconf update for networkd DNS.
[    9.429730] systemd[1]: Listening on /dev/initctl Compatibility Named Pipe.
[[0;32m  OK  [0m] Listening on /dev/initctl Compatibility Named Pipe.
[    9.440165] systemd[1]: Listening on Journal Socket.
[[0;32m  OK  [0m] Listening on Journal Socket.
[    9.446718] systemd[1]: Reached target Swap.
[[0;32m  OK  [0m] Reached target Swap.
[    9.453284] systemd[1]: Listening on LVM2 metadata daemon socket.
[[0;32m  OK  [0m] Listening on LVM2 metadata daemon socket.
[    9.637343] systemd[1]: Started Forward Password Requests to Wall Directory Watch.
[[0;32m  OK  [0m] Started Forward Password Requests to Wall Directory Watch.
[    9.650478] systemd[1]: Listening on udev Control Socket.
[[0;32m  OK  [0m] Listening on udev Control Socket.
[    9.968265] systemd[1]: Listening on udev Kernel Socket.
[[0;32m  OK  [0m] Listening on udev Kernel Socket.
[    9.976896] systemd[1]: Set up automount Arbitrary Executable File Formats File System Automount Point.
[[0;32m  OK  [0m] Set up automount Arbitrary Executab...ats File System Automount Point.
[    9.991782] systemd[1]: Created slice System Slice.
[[0;32m  OK  [0m] Created slice System Slice.
[   10.011753] systemd[1]: Mounting Debug File System...
         Mounting Debug File System...
[   10.028516] systemd[1]: Starting Load Kernel Modules...
[   10.034375] random: nonblocking pool is initialized
         Starting Load Kernel Modules...
[   10.043202] systemd[1]: Starting Set console keymap...
         Starting Set console keymap...
[   10.055419] systemd[1]: Created slice system-serial\x2dgetty.slice.
[[0;32m  OK  [0m] Created slice system-serial\x2dgetty.slice.
[   10.086043] Loading iSCSI transport class v2.0-870.
[   10.107582] systemd[1]: Starting Nameserver information manager...
         Starting Nameserver information manager...
[   10.117324] systemd[1]: Reached target User and Group Name Lookups.
[[0;32m  OK  [0m] Reached target User and Group Name Lookups.
[   10.135307] systemd[1]: Listening on Journal Audit Socket.
[   10.143329] iscsi: registered transport (tcp)
[[0;32m  OK  [0m] Listening on Journal Audit Socket.
[   10.153586] systemd[1]: Created slice User and Session Slice.
[[0;32m  OK  [0m] Created slice User and Session Slice.
[   10.164045] systemd[1]: Reached target Slices.
[[0;32m  OK  [0m] Reached target Slices.
[   10.195598] systemd[1]: Mounting POSIX Message Queue File System...
         Mounting POSIX Message Queue File System...
[   10.207433] systemd[1]: Listening on LVM2 poll daemon socket.
[[0;32m  OK  [0m] Listening on LVM2 poll daemon socket.
[   10.217542] systemd[1]: Reached target Encrypted Volumes.
[[0;32m  OK  [0m] Reached target Encrypted Volumes.
[   10.224324] systemd[1]: Listening on Journal Socket (/dev/log).
[[0;32m  OK  [0m] Listening on Journal Socket (/dev/log).
[   10.244079] systemd[1]: Starting Journal Service...
         Starting Journal Service...
[   10.256141] systemd[1]: Listening on Device-mapper event daemon FIFOs.
[[0;32m  OK  [0m] Listening on Device-mapper event daemon FIFOs.
[   10.266740] iscsi: registered transport (iser)
[   10.268510] systemd[1]: Starting Monitoring of LVM2 mirrors, snapshots etc. using dmeventd or progress polling...
         Starting Monitoring of LVM2 mirrors... dmeventd or progress polling...
[   10.286133] systemd[1]: Mounting Huge Pages File System...
         Mounting Huge Pages File System...
[   10.299596] systemd[1]: Starting Remount Root and Kernel File Systems...
         Starting Remount Root and Kernel File Systems...
[   10.312794] systemd[1]: Starting Create list of required static device nodes for the current kernel...
         Starting Create list of required st... nodes for the current kernel...
[   10.328350] EXT4-fs (sda1): re-mounted. Opts: (null)
[   10.333102] systemd[1]: Starting Uncomplicated firewall...
         Starting Uncomplicated firewall...
[   10.347600] systemd[1]: Reached target System Time Synchronized.
[[0;32m  OK  [0m] Reached target System Time Synchronized.
[   10.384579] systemd[1]: Mounted POSIX Message Queue File System.
[[0;32m  OK  [0m] Mounted POSIX Message Queue File System.
[   10.387834] systemd[1]: Mounted Huge Pages File System.
[[0;32m  OK  [0m] Mounted Huge Pages File System.
[   10.390978] systemd[1]: Mounted Debug File System.
[[0;32m  OK  [0m] Mounted Debug File System.
[   10.395409] systemd[1]: Started Journal Service.
[[0;32m  OK  [0m] Started Journal Service.
[[0;32m  OK  [0m] Started Load Kernel Modules.
[[0;32m  OK  [0m] Started Set console keymap.
[[0;32m  OK  [0m] Started Remount Root and Kernel File Systems.
[[0;32m  OK  [0m] Started Create list of required sta...ce nodes for the current kernel.
[[0;32m  OK  [0m] Started Uncomplicated firewall.
[[0;32m  OK  [0m] Started Nameserver information manager.
[[0;32m  OK  [0m] Started LVM2 metadata daemon.
         Starting Create Static Device Nodes in /dev...
         Starting udev Coldplug all Devices...
         Starting Load/Save Random Seed...
         Mounting FUSE Control File System...
         Starting Apply Kernel Variables...
         Starting Flush Journal to Persistent Storage...
[[0;32m  OK  [0m] Mounted FUSE Control File System.
[[0;32m  OK  [0m] Started Load/Save Random Seed.
[[0;32m  OK  [0m] Started Create Static Device Nodes in /dev.
         Starting udev Kernel Device Manager...
[[0;32m  OK  [0m] Started Apply Kernel Variables.
[[0;32m  OK  [0m] Started Flush Journal to Persistent Storage.
[[0;32m  OK  [0m] Started udev Kernel Device Manager.
[[0;32m  OK  [0m] Started udev Coldplug all Devices.
[[0;32m  OK  [0m] Started Dispatch Password Requests to Console Directory Watch.
[[0;32m  OK  [0m] Started Monitoring of LVM2 mirrors,...ng dmeventd or progress polling.
[[0;32m  OK  [0m] Reached target Local File Systems (Pre).
[[0;32m  OK  [0m] Reached target Local File Systems.
         Starting Create Volatile Files and Directories...
         Starting Tell Plymouth To Write Out Runtime Data...
         Starting Initial cloud-init job (pre-networking)...
         Starting LSB: AppArmor initialization...
         Starting Commit a transient machine-id on disk...
         Starting Set console font and keymap...
[[0;32m  OK  [0m] Started Create Volatile Files and Directories.
[[0;32m  OK  [0m] Started Tell Plymouth To Write Out Runtime Data.
         Starting Update UTMP about System Boot/Shutdown...
[[0;32m  OK  [0m] Started Commit a transient machine-id on disk.
[[0;32m  OK  [0m] Started Update UTMP about System Boot/Shutdown.
[[0;32m  OK  [0m] Found device /dev/ttyS0.
[[0;32m  OK  [0m] Listening on Load/Save RF Kill Switch Status /dev/rfkill Watch.
[   14.108655] cloud-init[489]: Cloud-init v. 20.4.1-0ubuntu1~16.04.1 running 'init-local' at Tue, 16 Feb 2021 05:06:36 +0000. Up 13.10 seconds.
[[0;32m  OK  [0m] Started Initial cloud-init job (pre-networking).
[[0;32m  OK  [0m] Reached target Network (Pre).
[[0;32m  OK  [0m] Started LSB: AppArmor initialization.
         Starting Raise network interfaces...
         Starting Load AppArmor profiles managed internally by snapd...
[[0;32m  OK  [0m] Started Load AppArmor profiles managed internally by snapd.
[[0;32m  OK  [0m] Started Set console font and keymap.
[[0;32m  OK  [0m] Created slice system-getty.slice.
[[0;32m  OK  [0m] Started Raise network interfaces.
         Starting Initial cloud-init job (metadata service crawler)...
[[0;32m  OK  [0m] Reached target Network.
[   18.658421] cloud-init[948]: Cloud-init v. 20.4.1-0ubuntu1~16.04.1 running 'init' at Tue, 16 Feb 2021 05:06:41 +0000. Up 17.37 seconds.
[   18.662919] cloud-init[948]: ci-info: +++++++++++++++++++++++++++++++++++++Net device info++++++++++++++++++++++++++++++++++++++
[   18.668945] cloud-init[948]: ci-info: +--------+------+---------------------------+---------------+--------+-------------------+
[   18.673591] cloud-init[948]: ci-info: | Device |  Up  |          Address          |      Mask     | Scope  |     Hw-Address    |
[   18.684933] cloud-init[948]: ci-info: +--------+------+---------------------------+---------------+--------+-------------------+
[   18.693481] cloud-init[948]: ci-info: | enp0s3 | True |         10.0.2.15         | 255.255.255.0 | global | 02:0d:1b:31:1c:74 |
[   18.699330] cloud-init[948]: ci-info: | enp0s3 | True | fe80::d:1bff:fe31:1c74/64 |       .       |  link  | 02:0d:1b:31:1c:74 |
[   18.704516] cloud-init[948]: ci-info: |   lo   | True |         127.0.0.1         |   255.0.0.0   |  host  |         .         |
[   18.709652] cloud-init[948]: ci-info: |   lo   | True |          ::1/128          |       .       |  host  |         .         |
[   18.721711] cloud-init[948]: ci-info: +--------+------+---------------------------+---------------+--------+-------------------+
[   18.726705] cloud-init[948]: ci-info: +++++++++++++++++++++++++++Route IPv4 info++++++++++++++++++++++++++++
[   18.731367] cloud-init[948]: ci-info: +-------+-------------+----------+---------------+-----------+-------+
[   18.741053] cloud-init[948]: ci-info: | Route | Destination | Gateway  |    Genmask    | Interface | Flags |
[   18.745190] cloud-init[948]: ci-info: +-------+-------------+----------+---------------+-----------+-------+
[   18.754151] cloud-init[948]: ci-info: |   0   |   0.0.0.0   | 10.0.2.2 |    0.0.0.0    |   enp0s3  |   UG  |
[   18.760567] cloud-init[948]: ci-info: |   1   |   10.0.2.0  | 0.0.0.0  | 255.255.255.0 |   enp0s3  |   U   |
[   18.764721] cloud-init[948]: ci-info: +-------+-------------+----------+---------------+-----------+-------+
[   18.769662] cloud-init[948]: ci-info: +++++++++++++++++++Route IPv6 info+++++++++++++++++++
[   18.781551] cloud-init[948]: ci-info: +-------+-------------+---------+-----------+-------+
[   18.785760] cloud-init[948]: ci-info: | Route | Destination | Gateway | Interface | Flags |
[   18.790774] cloud-init[948]: ci-info: +-------+-------------+---------+-----------+-------+
[   18.794562] cloud-init[948]: ci-info: |   0   |  fe80::/64  |    ::   |   enp0s3  |   U   |
[   18.798566] cloud-init[948]: ci-info: |   3   |   ff00::/8  |    ::   |   enp0s3  |   U   |
[   18.801783] cloud-init[948]: ci-info: +-------+-------------+---------+-----------+-------+
[   18.809317] cloud-init[948]: Generating public/private rsa key pair.
[   18.817800] cloud-init[948]: Your identification has been saved in /etc/ssh/ssh_host_rsa_key.
[   18.821898] cloud-init[948]: Your public key has been saved in /etc/ssh/ssh_host_rsa_key.pub.
[   18.833111] cloud-init[948]: The key fingerprint is:
[   18.841789] cloud-init[948]: SHA256:bJD/9PNxbWTOUkLPr70sc1OgGgN6Urn4CvoowaLjCbM root@ubuntu-xenial
[   18.845386] cloud-init[948]: The key's randomart image is:
[   18.857506] cloud-init[948]: +---[RSA 2048]----+
[   18.860954] cloud-init[948]: |                 |
[   18.869160] cloud-init[948]: |       .         |
[   18.877427] cloud-init[948]: |      o  .    .  |
[   18.880662] cloud-init[948]: |       ++    ..o |
[[0;32m  OK  [0m] [   18.881714] Started Initial cloud-init job (metadata service crawler).cloud-init
[948]: |.      +So.  ...*|
[   18.886268] cloud-init[948]: |o.    +.ooo..  B+|
[   18.887067] cloud-init[948]: |=.  .  +  .+o o O|
[   18.888416] cloud-init[948]: |=o.o .  . .  =.X |
[   18.889108] cloud-init[948]: |E=o.. ..      *o+|
[   18.889794] cloud-init[948]: +----[SHA256]-----+
[   18.890334] cloud-init[948]: Generating public/private dsa key pair.
[   18.891583] cloud-init[948]: Your identification has been saved in /etc/ssh/ssh_host_dsa_key.
[[0;32m  OK  [0m] Reached target Cloud-config availability.
[   18.891782] cloud-init[948]: Your public key has been saved in /etc/ssh/ssh_host_dsa_key.pub.
[   18.901532] cloud-init[948]: The key fingerprint is:
[   18.902631] cloud-init[948]: SHA256:9ncB/CAN78+6XMrkFecNPDZiB4eIO8rDZjmIJVLaphY root@ubuntu-xenial
[[0;32m  OK  [0m] Reached target System Initialization.
[   18.903575] cloud-init[948]: The key's randomart image is:
[   18.911115] cloud-init[948]: +---[DSA 1024]----+
[   18.911387] cloud-init[948]: |          .      |
[[0;32m  OK  [0m] Started Daily Cleanup of Temporary Directories.
[   18.911725] cloud-init[948]: |         . * .   |
[   18.911954] cloud-init[948]: |  .     . o O .  |
[   18.913361] cloud-init[948]: | +       . o B   |
[   18.914278] cloud-init[948]: |oE+ .   S   + @ .|
[   18.914481] cloud-init[948]: | +.+ + + o . * O.|
[   18.914961] cloud-init[948]: |... . X   . o * o|
[   18.915200] cloud-init[948]: |.    o o   * *   |
         Starting Socket activation for snappy daemon.[   18.915680] cloud-init[948]: |            B.   |
[   18.935165] cloud-init[948]: +----[SHA256]-----+
[   18.935782] cloud-init[948]: Generating public/private ecdsa key pair.

[[   18.936189] [0;32m  OK  [0mcloud-init] [948]: Started Message of the Day.Your identification has been saved in /etc/ssh/ssh_host_ecdsa_key.

[   18.944670] cloud-init[948]: Your public key has been saved in /etc/ssh/ssh_host_ecdsa_key.pub.
[   18.945272] cloud-init[948]: The key fingerprint is:
[   18.946195] cloud-init[948]: SHA256:sDETvKDRqmXpQHlQew3km6mc3IvdyzTfYbpZO4e2IGE root@ubuntu-xenial
[   18.946479] cloud-init[948]: The key's randomart image is:
[[0;32m  OK  [0m] Listening on ACPID Listen Socket.
[   18.947050] cloud-init[948]: +---[ECDSA 256]---+
[   18.961669] cloud-init[948]: | .+o.+.          |
[   18.961795] cloud-init[948]: | o..= +.         |
[   18.962001] cloud-init[948]: |. .* +=o         |
[[0;32m  OK  [0m] Started Daily apt download activities.
[   18.962164] cloud-init[948]: |. * . =*         |
[   18.962643] cloud-init[948]: | *   +.ES        |
[   18.962869] cloud-init[948]: |. + + . .        |
[   18.963289] cloud-init[948]: |   = . + . +.    |
[   18.963695] cloud-init[948]: |    o = + B+o.   |
[   18.963838] cloud-init[948]: |   . o +.=o++    |
[   18.969929] cloud-init[948]: +----[SHA256]-----+
[   18.970413] cloud-init[948]: Generating public/private ed25519 key pair.
[   18.970862] cloud-init[948]: Your identification has been saved in /etc/ssh/ssh_host_ed25519_key.
[   18.971478] cloud-init[948]: Your public key has been saved in /etc/ssh/ssh_host_ed25519_key.pub.
[   18.971569] cloud-init[948]: The key fingerprint is:
[[0;32m  OK  [0m] Started Daily apt upgrade and clean activities.
[   18.971942] cloud-init[948]: SHA256:IU0gHo7EXJNKyDp3OtLRAa8qsE2cvcr3+ZDb3pK++GU root@ubuntu-xenial
[   18.972705] cloud-init[948]: The key's randomart image is:
[   18.973540] cloud-init[948]: +--[ED25519 256]--+
[   18.974568] cloud-init[948]: |.+oo=....        |
[   18.975075] cloud-init[948]: |.o+=o+ o         |
[   18.975579] cloud-init[948]: |...o+.. o        |
[   18.976107] cloud-init[948]: |o.++o  . .       |
[   18.976579] cloud-init[948]: |.+=+.   S        |
[   18.976998] cloud-init[948]: |o=+  . .         |
[   18.977527] cloud-init[948]: |+.... o  .E      |
[   18.977648] cloud-init[948]: |.. ..  *o+       |
[   18.977866] cloud-init[948]: |  o. .==Bo.      |
[   18.977990] cloud-init[948]: +----[SHA256]-----+
[[0;32m  OK  [0m] Started ACPI Events Check.
[[0;32m  OK  [0m] Reached target Paths.
         Starting LXD - unix socket.
[[0;32m  OK  [0m] Reached target Timers.
[[0;32m  OK  [0m] Listening on UUID daemon activation socket.
[[0;32m  OK  [0m] Listening on D-Bus System Message Bus Socket.
[[0;32m  OK  [0m] Reached target Network is Online.
         Starting iSCSI initiator daemon (iscsid)...
[[0;32m  OK  [0m] Listening on Socket activation for snappy daemon.
[[0;32m  OK  [0m] Listening on LXD - unix socket.
[[0;32m  OK  [0m] Reached target Sockets.
[[0;32m  OK  [0m] Reached target Basic System.
         Starting LSB: Record successful boot for GRUB...
[[0;32m  OK  [0m] Started Regular background program processing daemon.
         Starting /etc/rc.local Compatibility...
         Starting LXD - container startup/shutdown...
[[0;32m  OK  [0m] Started Deferred execution scheduler.
[[0;32m  OK  [0m] Started FUSE filesystem for LXC.
         Starting LSB: MD monitoring daemon...
         Starting Pollinate to seed the pseudo random number generator...
         Starting Accounts Service...
[[0;32m  OK  [0m] Started ACPI event daemon.
[[0;32m  OK  [0m] Started D-Bus System Message Bus.
         Starting Virtualbox guest utils...
         Starting Login Service...
         Starting System Logging Service...
         Starting Snap Daemon...
[[0;32m  OK  [0m] Started iSCSI initiator daemon (iscsid).
[[0;32m  OK  [0m] Started /etc/rc.local Compatibility.
         Starting Login to default iSCSI targets...
[[0;32m  OK  [0m] Started LSB: Record successful boot for GRUB.
[[0;32m  OK  [0m] Started Login Service.
[[0;32m  OK  [0m] Started Unattended Upgrades Shutdown.
[[0;32m  OK  [0m] Started LSB: MD monitoring daemon.
[[0;32m  OK  [0m] Started System Logging Service.
         Starting Authenticate and Authorize Users to Run Privileged Tasks...
[[0;32m  OK  [0m] Started Login to default iSCSI targets.
[[0;32m  OK  [0m] Reached target Remote File Systems (Pre).
[[0;32m  OK  [0m] Reached target Remote File Systems.
         Starting Permit User Sessions...
         Starting LSB: daemon to balance interrupts for SMP systems...
         Starting LSB: automatic crash report generation...
         Starting LSB: Set the CPU Frequency Scaling governor to "ondemand"...
[[0;32m  OK  [0m] Started LXD - container startup/shutdown.
[[0;32m  OK  [0m] Started Permit User Sessions.
         Starting Terminate Plymouth Boot Screen...
         Starting Hold until boot process finishes up...
[[0;32m  OK  [0m] Started Terminate Plymouth Boot Screen.
[[0;32m  OK  [0m] Started Hold until boot process finishes up.
         Starting Set console scheme...
[[0;32m  OK  [0m] Started Serial Getty on ttyS0.
[[0;32m  OK  [0m] Started Getty on tty1.
[[0;32m  OK  [0m] Reached target Login Prompts.
[[0;32m  OK  [0m] Started LSB: Set the CPU Frequency Scaling governor to "ondemand".
[[0;32m  OK  [0m] Started Set console scheme.
[[0;32m  OK  [0m] Started Authenticate and Authorize Users to Run Privileged Tasks.
[[0;32m  OK  [0m] Started Accounts Service.
[[0;32m  OK  [0m] Started LSB: daemon to balance interrupts for SMP systems.
[[0;32m  OK  [0m] Started LSB: automatic crash report generation.
[[0;32m  OK  [0m] Started Virtualbox guest utils.
[[0;32m  OK  [0m] Started Snap Daemon.
         Starting Wait until snapd is fully seeded...
[[0;32m  OK  [0m] Started Wait until snapd is fully seeded.
         Starting Apply the settings specified in cloud-config...
[[0;32m  OK  [0m] Started Pollinate to seed the pseudo random number generator.
         Starting OpenBSD Secure Shell server...
[[0;32m  OK  [0m] Started OpenBSD Secure Shell server.
[[0;32m  OK  [0m] Reached target Multi-User System.
[[0;32m  OK  [0m] Reached target Graphical Interface.
         Starting Update UTMP about System Runlevel Changes...
[[0;32m  OK  [0m] Started Update UTMP about System Runlevel Changes.
[   21.916106] cloud-init[1282]: Generating locales (this might take a while)...
[[0;32m  OK  [0m] Created slice User Slice of vagrant.
         Starting User Manager for UID 1000...
[[0;32m  OK  [0m] Started Session 1 of user vagrant.
[[0;32m  OK  [0m] Started User Manager for UID 1000.
[   25.343715] cloud-init[1282]:   en_US.UTF-8... done
[   25.348637] cloud-init[1282]: Generation complete.

Ubuntu 16.04.7 LTS ubuntu-xenial ttyS0

ubuntu-xenial login: [   26.359163] cloud-init[1282]: Cloud-init v. 20.4.1-0ubuntu1~16.04.1 running 'modules:config' at Tue, 16 Feb 2021 05:06:45 +0000. Up 21.65 seconds.
ci-info: no authorized SSH keys fingerprints found for user ubuntu.
<14>Feb 16 05:06:51 ec2: 
<14>Feb 16 05:06:51 ec2: #############################################################
<14>Feb 16 05:06:51 ec2: -----BEGIN SSH HOST KEY FINGERPRINTS-----
<14>Feb 16 05:06:51 ec2: 1024 SHA256:9ncB/CAN78+6XMrkFecNPDZiB4eIO8rDZjmIJVLaphY root@ubuntu-xenial (DSA)
<14>Feb 16 05:06:51 ec2: 256 SHA256:sDETvKDRqmXpQHlQew3km6mc3IvdyzTfYbpZO4e2IGE root@ubuntu-xenial (ECDSA)
<14>Feb 16 05:06:51 ec2: 256 SHA256:IU0gHo7EXJNKyDp3OtLRAa8qsE2cvcr3+ZDb3pK++GU root@ubuntu-xenial (ED25519)
<14>Feb 16 05:06:51 ec2: 2048 SHA256:bJD/9PNxbWTOUkLPr70sc1OgGgN6Urn4CvoowaLjCbM root@ubuntu-xenial (RSA)
<14>Feb 16 05:06:51 ec2: -----END SSH HOST KEY FINGERPRINTS-----
<14>Feb 16 05:06:51 ec2: #############################################################
-----BEGIN SSH HOST KEY KEYS-----
ecdsa-sha2-nistp256 AAAAE2VjZHNhLXNoYTItbmlzdHAyNTYAAAAIbmlzdHAyNTYAAABBBEYn362tiLq0mfKfkD7FpXZZ8F8ERmH3LGKna6OPLyJlJhMCx0qyTUJQs6Es7IgX4iKysbPtuJD0cSCSDUuhO0Y= root@ubuntu-xenial
ssh-ed25519 AAAAC3NzaC1lZDI1NTE5AAAAIMpxY2VsS1fn7IsNjLb7KFpGyM/1l459GQXE9O91pql8 root@ubuntu-xenial
ssh-rsa AAAAB3NzaC1yc2EAAAADAQABAAABAQDL5e7vYPn1/v9O397PvwlwC9bGPvfBhKXuClejYzWYbi/+gSbM8YfFq3dXAeZVwsYnxRele2nbRPtfPhL65OpuTOFbaZanTpDQ7qBEQf12uWF8jL0zLrsXMVHLC4G6XCc6wF8q0oTC9cebqygbsI9bO3xcDA87e6R2CSl/zSYfxYk/UtEpbYHbmiyHtrybfrTwrvvC6Rr2JHOcRPXrf2q8jMo76FWmsc6ArwqkAFCCx7+dgqd+1mYHjJ4wx4mmBqGvB/vCIiUJFqw6bv6kw7mnomFmqAfhqFlg0QVcSvVuucs9ahlXVu3MVR59yKaMVslhf3ryjCujStVnIgCBOUI3 root@ubuntu-xenial
-----END SSH HOST KEY KEYS-----
[   27.850446] cloud-init[1427]: Cloud-init v. 20.4.1-0ubuntu1~16.04.1 running 'modules:final' at Tue, 16 Feb 2021 05:06:51 +0000. Up 27.37 seconds.
[   27.859559] cloud-init[1427]: ci-info: no authorized SSH keys fingerprints found for user ubuntu.
[   27.865760] cloud-init[1427]: Cloud-init v. 20.4.1-0ubuntu1~16.04.1 finished at Tue, 16 Feb 2021 05:06:51 +0000. Datasource DataSourceNoCloud [seed=/dev/sdb][dsmode=net].  Up 27.82 seconds
